2026-10-06 15:40:25,882 INFO    scrapers.base_scraper: [Books to Scrape] Page 1: https://books.toscrape.com/
2026-10-06 15:40:28,734 INFO    scrapers.base_scraper: [Books to Scrape] Page 2: https://books.toscrape.com/catalogue/page-2.html
2026-10-06 15:40:29,944 INFO    scrapers.base_scraper: [Books to Scrape] Page 3: https://books.toscrape.com/catalogue/page-3.html
2026-10-06 15:40:31,165 INFO    scrapers.base_scraper: [Books to Scrape] Page 4: https://books.toscrape.com/catalogue/page-4.html
2026-10-06 15:40:32,503 INFO    scrapers.base_scraper: [Books to Scrape] Page 5: https://books.toscrape.com/catalogue/page-5.html
2026-10-06 15:40:33,724 INFO    scrapers.base_scraper: [Books to Scrape] Page 6: https://books.toscrape.com/catalogue/page-6.html
2026-10-06 15:40:34,848 INFO    scrapers.base_scraper: [Books to Scrape] Page 7: https://books.toscrape.com/catalogue/page-7.html
2026-10-06 15:40:36,014 INFO    scrapers.base_scraper: [Books to Scrape] Page 8: https://books.toscrape.com/catalogue/page-8.html
2026-10-06 15:40:37,173 INFO    scrapers.base_scraper: [Books to Scrape] Page 9: https://books.toscrape.com/catalogue/page-9.html
2026-10-06 15:40:38,434 INFO    scrapers.base_scraper: [Books to Scrape] Page 10: https://books.toscrape.com/catalogue/page-10.html
2026-10-06 15:40:39,737 INFO    scrapers.base_scraper: [Books to Scrape] Page 11: https://books.toscrape.com/catalogue/page-11.html
2026-10-06 15:40:40,978 INFO    scrapers.base_scraper: [Books to Scrape] Page 12: https://books.toscrape.com/catalogue/page-12.html
2026-10-06 15:40:42,331 INFO    scrapers.base_scraper: [Books to Scrape] Page 13: https://books.toscrape.com/catalogue/page-13.html
2026-10-06 15:40:43,274 INFO    scrapers.base_scraper: [Books to Scrape] Page 14: https://books.toscrape.com/catalogue/page-14.html
2026-10-06 15:40:44,193 INFO    scrapers.base_scraper: [Books to Scrape] Page 15: https://books.toscrape.com/catalogue/page-15.html
2026-10-06 15:40:45,417 INFO    scrapers.base_scraper: [Books to Scrape] Page 16: https://books.toscrape.com/catalogue/page-16.html
2026-10-06 15:40:46,724 INFO    scrapers.base_scraper: [Books to Scrape] Page 17: https://books.toscrape.com/catalogue/page-17.html
2026-10-06 15:40:47,955 INFO    scrapers.base_scraper: [Books to Scrape] Page 18: https://books.toscrape.com/catalogue/page-18.html
2026-10-06 15:40:49,181 INFO    scrapers.base_scraper: [Books to Scrape] Page 19: https://books.toscrape.com/catalogue/page-19.html
2026-10-06 15:40:50,124 INFO    scrapers.base_scraper: [Books to Scrape] Page 20: https://books.toscrape.com/catalogue/page-20.html
2026-10-06 15:40:51,333 INFO    scrapers.base_scraper: [Books to Scrape] Page 21: https://books.toscrape.com/catalogue/page-21.html
2026-10-06 15:40:52,163 INFO    scrapers.base_scraper: [Books to Scrape] Page 22: https://books.toscrape.com/catalogue/page-22.html
2026-10-06 15:40:53,297 INFO    scrapers.base_scraper: [Books to Scrape] Page 23: https://books.toscrape.com/catalogue/page-23.html
2026-10-06 15:40:54,510 INFO    scrapers.base_scraper: [Books to Scrape] Page 24: https://books.toscrape.com/catalogue/page-24.html
2026-10-06 15:40:55,437 INFO    scrapers.base_scraper: [Books to Scrape] Page 25: https://books.toscrape.com/catalogue/page-25.html
2026-10-06 15:40:56,876 INFO    scrapers.base_scraper: [Books to Scrape] Page 26: https://books.toscrape.com/catalogue/page-26.html
2026-10-06 15:40:57,822 INFO    scrapers.base_scraper: [Books to Scrape] Page 27: https://books.toscrape.com/catalogue/page-27.html
2026-10-06 15:40:58,709 INFO    scrapers.base_scraper: [Books to Scrape] Page 28: https://books.toscrape.com/catalogue/page-28.html
2026-10-06 15:40:59,731 INFO    scrapers.base_scraper: [Books to Scrape] Page 29: https://books.toscrape.com/catalogue/page-29.html
2026-10-06 15:41:00,689 INFO    scrapers.base_scraper: [Books to Scrape] Page 30: https://books.toscrape.com/catalogue/page-30.html
2026-10-06 15:41:02,640 INFO    scrapers.base_scraper: [Books to Scrape] Page 31: https://books.toscrape.com/catalogue/page-31.html
2026-10-06 15:41:03,527 INFO    scrapers.base_scraper: [Books to Scrape] Page 32: https://books.toscrape.com/catalogue/page-32.html
2026-10-06 15:41:04,761 INFO    scrapers.base_scraper: [Books to Scrape] Page 33: https://books.toscrape.com/catalogue/page-33.html
2026-10-06 15:41:05,994 INFO    scrapers.base_scraper: [Books to Scrape] Page 34: https://books.toscrape.com/catalogue/page-34.html
2026-10-06 15:41:07,213 INFO    scrapers.base_scraper: [Books to Scrape] Page 35: https://books.toscrape.com/catalogue/page-35.html
2026-10-06 15:41:08,436 INFO    scrapers.base_scraper: [Books to Scrape] Page 36: https://books.toscrape.com/catalogue/page-36.html
2026-10-06 15:41:09,908 INFO    scrapers.base_scraper: [Books to Scrape] Page 37: https://books.toscrape.com/catalogue/page-37.html
2026-10-06 15:41:11,101 INFO    scrapers.base_scraper: [Books to Scrape] Page 38: https://books.toscrape.com/catalogue/page-38.html
2026-10-06 15:41:12,257 INFO    scrapers.base_scraper: [Books to Scrape] Page 39: https://books.toscrape.com/catalogue/page-39.html
2026-10-06 15:41:13,569 INFO    scrapers.base_scraper: [Books to Scrape] Page 40: https://books.toscrape.com/catalogue/page-40.html
2026-10-06 15:41:14,894 INFO    scrapers.base_scraper: [Books to Scrape] Page 41: https://books.toscrape.com/catalogue/page-41.html
2026-10-06 15:41:16,142 INFO    scrapers.base_scraper: [Books to Scrape] Page 42: https://books.toscrape.com/catalogue/page-42.html
2026-10-06 15:41:17,336 INFO    scrapers.base_scraper: [Books to Scrape] Page 43: https://books.toscrape.com/catalogue/page-43.html
2026-10-06 15:41:18,710 INFO    scrapers.base_scraper: [Books to Scrape] Page 44: https://books.toscrape.com/catalogue/page-44.html
2026-10-06 15:41:19,943 INFO    scrapers.base_scraper: [Books to Scrape] Page 45: https://books.toscrape.com/catalogue/page-45.html
2026-10-06 15:41:21,363 INFO    scrapers.base_scraper: [Books to Scrape] Page 46: https://books.toscrape.com/catalogue/page-46.html
2026-10-06 15:41:22,579 INFO    scrapers.base_scraper: [Books to Scrape] Page 47: https://books.toscrape.com/catalogue/page-47.html
2026-10-06 15:41:23,913 INFO    scrapers.base_scraper: [Books to Scrape] Page 48: https://books.toscrape.com/catalogue/page-48.html
2026-10-06 15:41:25,032 INFO    scrapers.base_scraper: [Books to Scrape] Page 49: https://books.toscrape.com/catalogue/page-49.html
2026-10-06 15:41:26,269 INFO    scrapers.base_scraper: [Books to Scrape] Page 50: https://books.toscrape.com/catalogue/page-50.html
2026-10-06 15:41:27,509 INFO    scrapers.base_scraper: [Books to Scrape] Done: 1000 raw records from 50 pages
2026-10-06 15:41:27,509 INFO    scrapers.books_scraper: [Books] Fetching 1000 detail pages
2026-10-06 16:02:34,738 INFO    scrapers.base_scraper: [Quotes to Scrape] Page 1: https://quotes.toscrape.com/
2026-10-06 16:02:38,385 INFO    scrapers.base_scraper: [Quotes to Scrape] Page 2: https://quotes.toscrape.com/page/2/
2026-10-06 16:02:39,276 INFO    scrapers.base_scraper: [Quotes to Scrape] Page 3: https://quotes.toscrape.com/page/3/
2026-10-06 16:02:40,759 INFO    scrapers.base_scraper: [Quotes to Scrape] Page 4: https://quotes.toscrape.com/page/4/
2026-10-06 16:02:41,631 INFO    scrapers.base_scraper: [Quotes to Scrape] Page 5: https://quotes.toscrape.com/page/5/
2026-10-06 16:02:42,552 INFO    scrapers.base_scraper: [Quotes to Scrape] Page 6: https://quotes.toscrape.com/page/6/
2026-10-06 16:02:43,460 INFO    scrapers.base_scraper: [Quotes to Scrape] Page 7: https://quotes.toscrape.com/page/7/
2026-10-06 16:02:44,387 INFO    scrapers.base_scraper: [Quotes to Scrape] Page 8: https://quotes.toscrape.com/page/8/
2026-10-06 16:02:45,375 INFO    scrapers.base_scraper: [Quotes to Scrape] Page 9: https://quotes.toscrape.com/page/9/
2026-10-06 16:02:46,237 INFO    scrapers.base_scraper: [Quotes to Scrape] Page 10: https://quotes.toscrape.com/page/10/
2026-10-06 16:02:47,154 INFO    scrapers.base_scraper: [Quotes to Scrape] Done: 100 raw records from 10 pages
2026-10-06 16:02:47,252 INFO    main: Finished: 1100 rows written, reconcile=True
